[2022-12-10T17:38:39.228+0900][gc,heap] Heap region size: 1M
[2022-12-10T17:38:39.230+0900][gc     ] Using G1
[2022-12-10T17:38:39.230+0900][gc,heap,coops] Heap address: 0x0000000780000000, size: 1024 MB, Compressed Oops mode: Zero based, Oop shift amount: 3
[2022-12-10T17:38:39.878+0900][gc,start     ] GC(0) Pause Young (Concurrent Start) (Metadata GC Threshold)
[2022-12-10T17:38:39.878+0900][gc,task      ] GC(0) Using 9 workers of 9 for evacuation
[2022-12-10T17:38:39.882+0900][gc,phases    ] GC(0)   Pre Evacuate Collection Set: 0.0ms
[2022-12-10T17:38:39.882+0900][gc,phases    ] GC(0)   Evacuate Collection Set: 3.9ms
[2022-12-10T17:38:39.882+0900][gc,phases    ] GC(0)   Post Evacuate Collection Set: 0.2ms
[2022-12-10T17:38:39.882+0900][gc,phases    ] GC(0)   Other: 0.4ms
[2022-12-10T17:38:39.882+0900][gc,heap      ] GC(0) Eden regions: 43->0(44)
[2022-12-10T17:38:39.882+0900][gc,heap      ] GC(0) Survivor regions: 0->7(7)
[2022-12-10T17:38:39.882+0900][gc,heap      ] GC(0) Old regions: 0->0
[2022-12-10T17:38:39.882+0900][gc,heap      ] GC(0) Humongous regions: 0->0
[2022-12-10T17:38:39.882+0900][gc,metaspace ] GC(0) Metaspace: 20649K->20649K(1069056K)
[2022-12-10T17:38:39.882+0900][gc           ] GC(0) Pause Young (Concurrent Start) (Metadata GC Threshold) 43M->6M(1024M) 4.654ms
[2022-12-10T17:38:39.882+0900][gc,cpu       ] GC(0) User=0.01s Sys=0.01s Real=0.01s
[2022-12-10T17:38:39.882+0900][gc           ] GC(1) Concurrent Cycle
[2022-12-10T17:38:39.882+0900][gc,marking   ] GC(1) Concurrent Clear Claimed Marks
[2022-12-10T17:38:39.882+0900][gc,marking   ] GC(1) Concurrent Clear Claimed Marks 0.008ms
[2022-12-10T17:38:39.882+0900][gc,marking   ] GC(1) Concurrent Scan Root Regions
[2022-12-10T17:38:39.883+0900][gc,marking   ] GC(1) Concurrent Scan Root Regions 0.899ms
[2022-12-10T17:38:39.883+0900][gc,marking   ] GC(1) Concurrent Mark (0.658s)
[2022-12-10T17:38:39.883+0900][gc,marking   ] GC(1) Concurrent Mark From Roots
[2022-12-10T17:38:39.883+0900][gc,task      ] GC(1) Using 2 workers of 2 for marking
[2022-12-10T17:38:39.883+0900][gc,marking   ] GC(1) Concurrent Mark From Roots 0.218ms
[2022-12-10T17:38:39.883+0900][gc,marking   ] GC(1) Concurrent Preclean
[2022-12-10T17:38:39.883+0900][gc,marking   ] GC(1) Concurrent Preclean 0.017ms
[2022-12-10T17:38:39.883+0900][gc,marking   ] GC(1) Concurrent Mark (0.658s, 0.659s) 0.266ms
[2022-12-10T17:38:39.883+0900][gc,start     ] GC(1) Pause Remark
[2022-12-10T17:38:39.885+0900][gc,stringtable] GC(1) Cleaned string and symbol table, strings: 6965 processed, 0 removed, symbols: 64629 processed, 40 removed
[2022-12-10T17:38:39.885+0900][gc            ] GC(1) Pause Remark 7M->7M(1024M) 1.564ms
[2022-12-10T17:38:39.885+0900][gc,cpu        ] GC(1) User=0.01s Sys=0.00s Real=0.00s
[2022-12-10T17:38:39.885+0900][gc,marking    ] GC(1) Concurrent Rebuild Remembered Sets
[2022-12-10T17:38:39.885+0900][gc,marking    ] GC(1) Concurrent Rebuild Remembered Sets 0.026ms
[2022-12-10T17:38:39.885+0900][gc,start      ] GC(1) Pause Cleanup
[2022-12-10T17:38:39.885+0900][gc            ] GC(1) Pause Cleanup 7M->7M(1024M) 0.063ms
[2022-12-10T17:38:39.885+0900][gc,cpu        ] GC(1) User=0.00s Sys=0.00s Real=0.00s
[2022-12-10T17:38:39.885+0900][gc,marking    ] GC(1) Concurrent Cleanup for Next Mark
[2022-12-10T17:38:39.887+0900][gc,marking    ] GC(1) Concurrent Cleanup for Next Mark 1.347ms
[2022-12-10T17:38:39.887+0900][gc            ] GC(1) Concurrent Cycle 4.372ms
[2022-12-10T17:38:40.715+0900][gc,start      ] GC(2) Pause Young (Normal) (G1 Evacuation Pause)
[2022-12-10T17:38:40.715+0900][gc,task       ] GC(2) Using 9 workers of 9 for evacuation
[2022-12-10T17:38:40.719+0900][gc,phases     ] GC(2)   Pre Evacuate Collection Set: 0.0ms
[2022-12-10T17:38:40.719+0900][gc,phases     ] GC(2)   Evacuate Collection Set: 4.0ms
[2022-12-10T17:38:40.719+0900][gc,phases     ] GC(2)   Post Evacuate Collection Set: 0.2ms
[2022-12-10T17:38:40.719+0900][gc,phases     ] GC(2)   Other: 0.1ms
[2022-12-10T17:38:40.719+0900][gc,heap       ] GC(2) Eden regions: 44->0(48)
[2022-12-10T17:38:40.719+0900][gc,heap       ] GC(2) Survivor regions: 7->3(7)
[2022-12-10T17:38:40.719+0900][gc,heap       ] GC(2) Old regions: 0->7
[2022-12-10T17:38:40.719+0900][gc,heap       ] GC(2) Humongous regions: 129->129
[2022-12-10T17:38:40.719+0900][gc,metaspace  ] GC(2) Metaspace: 30264K->30264K(1077248K)
[2022-12-10T17:38:40.719+0900][gc            ] GC(2) Pause Young (Normal) (G1 Evacuation Pause) 179M->138M(1024M) 4.402ms
[2022-12-10T17:38:40.719+0900][gc,cpu        ] GC(2) User=0.02s Sys=0.00s Real=0.00s
[2022-12-10T17:38:40.869+0900][gc,start      ] GC(3) Pause Young (Concurrent Start) (Metadata GC Threshold)
[2022-12-10T17:38:40.869+0900][gc,task       ] GC(3) Using 9 workers of 9 for evacuation
[2022-12-10T17:38:40.871+0900][gc,phases     ] GC(3)   Pre Evacuate Collection Set: 0.0ms
[2022-12-10T17:38:40.871+0900][gc,phases     ] GC(3)   Evacuate Collection Set: 1.4ms
[2022-12-10T17:38:40.871+0900][gc,phases     ] GC(3)   Post Evacuate Collection Set: 0.1ms
[2022-12-10T17:38:40.871+0900][gc,phases     ] GC(3)   Other: 0.1ms
[2022-12-10T17:38:40.871+0900][gc,heap       ] GC(3) Eden regions: 25->0(46)
[2022-12-10T17:38:40.871+0900][gc,heap       ] GC(3) Survivor regions: 3->5(7)
[2022-12-10T17:38:40.871+0900][gc,heap       ] GC(3) Old regions: 7->7
[2022-12-10T17:38:40.871+0900][gc,heap       ] GC(3) Humongous regions: 129->129
[2022-12-10T17:38:40.871+0900][gc,metaspace  ] GC(3) Metaspace: 34618K->34618K(1081344K)
[2022-12-10T17:38:40.871+0900][gc            ] GC(3) Pause Young (Concurrent Start) (Metadata GC Threshold) 163M->139M(1024M) 1.731ms
[2022-12-10T17:38:40.871+0900][gc,cpu        ] GC(3) User=0.02s Sys=0.00s Real=0.01s
[2022-12-10T17:38:40.871+0900][gc            ] GC(4) Concurrent Cycle
[2022-12-10T17:38:40.871+0900][gc,marking    ] GC(4) Concurrent Clear Claimed Marks
[2022-12-10T17:38:40.871+0900][gc,marking    ] GC(4) Concurrent Clear Claimed Marks 0.016ms
[2022-12-10T17:38:40.871+0900][gc,marking    ] GC(4) Concurrent Scan Root Regions
[2022-12-10T17:38:40.872+0900][gc,marking    ] GC(4) Concurrent Scan Root Regions 0.918ms
[2022-12-10T17:38:40.872+0900][gc,marking    ] GC(4) Concurrent Mark (1.647s)
[2022-12-10T17:38:40.872+0900][gc,marking    ] GC(4) Concurrent Mark From Roots
[2022-12-10T17:38:40.872+0900][gc,task       ] GC(4) Using 2 workers of 2 for marking
[2022-12-10T17:38:40.874+0900][gc,marking    ] GC(4) Concurrent Mark From Roots 2.356ms
[2022-12-10T17:38:40.874+0900][gc,marking    ] GC(4) Concurrent Preclean
[2022-12-10T17:38:40.874+0900][gc,marking    ] GC(4) Concurrent Preclean 0.039ms
[2022-12-10T17:38:40.874+0900][gc,marking    ] GC(4) Concurrent Mark (1.647s, 1.650s) 2.423ms
[2022-12-10T17:38:40.875+0900][gc,start      ] GC(4) Pause Remark
[2022-12-10T17:38:40.876+0900][gc,stringtable] GC(4) Cleaned string and symbol table, strings: 11596 processed, 9 removed, symbols: 95727 processed, 28 removed
[2022-12-10T17:38:40.876+0900][gc            ] GC(4) Pause Remark 140M->140M(1024M) 1.154ms
[2022-12-10T17:38:40.876+0900][gc,cpu        ] GC(4) User=0.01s Sys=0.00s Real=0.00s
[2022-12-10T17:38:40.876+0900][gc,marking    ] GC(4) Concurrent Rebuild Remembered Sets
[2022-12-10T17:38:40.878+0900][gc,marking    ] GC(4) Concurrent Rebuild Remembered Sets 1.788ms
[2022-12-10T17:38:40.878+0900][gc,start      ] GC(4) Pause Cleanup
[2022-12-10T17:38:40.878+0900][gc            ] GC(4) Pause Cleanup 141M->141M(1024M) 0.075ms
[2022-12-10T17:38:40.878+0900][gc,cpu        ] GC(4) User=0.00s Sys=0.00s Real=0.00s
[2022-12-10T17:38:40.878+0900][gc,marking    ] GC(4) Concurrent Cleanup for Next Mark
[2022-12-10T17:38:40.880+0900][gc,marking    ] GC(4) Concurrent Cleanup for Next Mark 1.326ms
[2022-12-10T17:38:40.880+0900][gc            ] GC(4) Concurrent Cycle 8.464ms
[2022-12-10T17:42:58.383+0900][gc,start      ] GC(5) Pause Young (Normal) (G1 Evacuation Pause)
[2022-12-10T17:42:58.383+0900][gc,task       ] GC(5) Using 9 workers of 9 for evacuation
[2022-12-10T17:42:58.386+0900][gc,phases     ] GC(5)   Pre Evacuate Collection Set: 0.0ms
[2022-12-10T17:42:58.386+0900][gc,phases     ] GC(5)   Evacuate Collection Set: 2.0ms
[2022-12-10T17:42:58.386+0900][gc,phases     ] GC(5)   Post Evacuate Collection Set: 0.3ms
[2022-12-10T17:42:58.386+0900][gc,phases     ] GC(5)   Other: 0.3ms
[2022-12-10T17:42:58.386+0900][gc,heap       ] GC(5) Eden regions: 46->0(46)
[2022-12-10T17:42:58.386+0900][gc,heap       ] GC(5) Survivor regions: 5->5(7)
[2022-12-10T17:42:58.386+0900][gc,heap       ] GC(5) Old regions: 7->9
[2022-12-10T17:42:58.386+0900][gc,heap       ] GC(5) Humongous regions: 129->129
[2022-12-10T17:42:58.386+0900][gc,metaspace  ] GC(5) Metaspace: 43841K->43841K(1089536K)
[2022-12-10T17:42:58.386+0900][gc            ] GC(5) Pause Young (Normal) (G1 Evacuation Pause) 185M->142M(1024M) 2.665ms
[2022-12-10T17:42:58.386+0900][gc,cpu        ] GC(5) User=0.02s Sys=0.01s Real=0.00s
[2022-12-10T20:27:25.949+0900][gc,start      ] GC(6) Pause Young (Normal) (G1 Evacuation Pause)
[2022-12-10T20:27:25.949+0900][gc,task       ] GC(6) Using 9 workers of 9 for evacuation
[2022-12-10T20:27:25.965+0900][gc,phases     ] GC(6)   Pre Evacuate Collection Set: 0.1ms
[2022-12-10T20:27:25.965+0900][gc,phases     ] GC(6)   Evacuate Collection Set: 15.2ms
[2022-12-10T20:27:25.965+0900][gc,phases     ] GC(6)   Post Evacuate Collection Set: 0.3ms
[2022-12-10T20:27:25.965+0900][gc,phases     ] GC(6)   Other: 0.5ms
[2022-12-10T20:27:25.965+0900][gc,heap       ] GC(6) Eden regions: 46->0(45)
[2022-12-10T20:27:25.965+0900][gc,heap       ] GC(6) Survivor regions: 5->6(7)
[2022-12-10T20:27:25.965+0900][gc,heap       ] GC(6) Old regions: 9->11
[2022-12-10T20:27:25.965+0900][gc,heap       ] GC(6) Humongous regions: 129->129
[2022-12-10T20:27:25.965+0900][gc,metaspace  ] GC(6) Metaspace: 47807K->47807K(1091584K)
[2022-12-10T20:27:25.965+0900][gc            ] GC(6) Pause Young (Normal) (G1 Evacuation Pause) 188M->144M(1024M) 16.168ms
[2022-12-10T20:27:25.965+0900][gc,cpu        ] GC(6) User=0.02s Sys=0.00s Real=0.02s
[2022-12-10T20:39:51.397+0900][gc,start      ] GC(7) Pause Young (Normal) (G1 Evacuation Pause)
[2022-12-10T20:39:51.398+0900][gc,task       ] GC(7) Using 9 workers of 9 for evacuation
[2022-12-10T20:39:51.417+0900][gc,phases     ] GC(7)   Pre Evacuate Collection Set: 0.1ms
[2022-12-10T20:39:51.417+0900][gc,phases     ] GC(7)   Evacuate Collection Set: 18.2ms
[2022-12-10T20:39:51.417+0900][gc,phases     ] GC(7)   Post Evacuate Collection Set: 0.4ms
[2022-12-10T20:39:51.417+0900][gc,phases     ] GC(7)   Other: 1.3ms
[2022-12-10T20:39:51.417+0900][gc,heap       ] GC(7) Eden regions: 45->0(46)
[2022-12-10T20:39:51.417+0900][gc,heap       ] GC(7) Survivor regions: 6->5(7)
[2022-12-10T20:39:51.417+0900][gc,heap       ] GC(7) Old regions: 11->14
[2022-12-10T20:39:51.417+0900][gc,heap       ] GC(7) Humongous regions: 129->129
[2022-12-10T20:39:51.417+0900][gc,metaspace  ] GC(7) Metaspace: 49429K->49429K(1093632K)
[2022-12-10T20:39:51.417+0900][gc            ] GC(7) Pause Young (Normal) (G1 Evacuation Pause) 189M->146M(1024M) 20.023ms
[2022-12-10T20:39:51.417+0900][gc,cpu        ] GC(7) User=0.02s Sys=0.00s Real=0.02s
[2022-12-10T21:05:45.855+0900][gc,start      ] GC(8) Pause Young (Normal) (G1 Evacuation Pause)
[2022-12-10T21:05:45.856+0900][gc,task       ] GC(8) Using 9 workers of 9 for evacuation
[2022-12-10T21:05:45.873+0900][gc,phases     ] GC(8)   Pre Evacuate Collection Set: 0.2ms
[2022-12-10T21:05:45.873+0900][gc,phases     ] GC(8)   Evacuate Collection Set: 15.9ms
[2022-12-10T21:05:45.873+0900][gc,phases     ] GC(8)   Post Evacuate Collection Set: 0.5ms
[2022-12-10T21:05:45.873+0900][gc,phases     ] GC(8)   Other: 1.3ms
[2022-12-10T21:05:45.873+0900][gc,heap       ] GC(8) Eden regions: 46->0(48)
[2022-12-10T21:05:45.873+0900][gc,heap       ] GC(8) Survivor regions: 5->3(7)
[2022-12-10T21:05:45.873+0900][gc,heap       ] GC(8) Old regions: 14->16
[2022-12-10T21:05:45.873+0900][gc,heap       ] GC(8) Humongous regions: 129->129
[2022-12-10T21:05:45.873+0900][gc,metaspace  ] GC(8) Metaspace: 49939K->49939K(1093632K)
[2022-12-10T21:05:45.873+0900][gc            ] GC(8) Pause Young (Normal) (G1 Evacuation Pause) 192M->146M(1024M) 18.034ms
[2022-12-10T21:05:45.873+0900][gc,cpu        ] GC(8) User=0.03s Sys=0.00s Real=0.02s
[2022-12-11T01:05:12.496+0900][gc,start      ] GC(9) Pause Young (Normal) (G1 Evacuation Pause)
[2022-12-11T01:05:12.498+0900][gc,task       ] GC(9) Using 9 workers of 9 for evacuation
[2022-12-11T01:05:12.512+0900][gc,phases     ] GC(9)   Pre Evacuate Collection Set: 0.2ms
[2022-12-11T01:05:12.512+0900][gc,phases     ] GC(9)   Evacuate Collection Set: 12.8ms
[2022-12-11T01:05:12.512+0900][gc,phases     ] GC(9)   Post Evacuate Collection Set: 0.9ms
[2022-12-11T01:05:12.512+0900][gc,phases     ] GC(9)   Other: 2.5ms
[2022-12-11T01:05:12.512+0900][gc,heap       ] GC(9) Eden regions: 48->0(65)
[2022-12-11T01:05:12.512+0900][gc,heap       ] GC(9) Survivor regions: 3->3(7)
[2022-12-11T01:05:12.512+0900][gc,heap       ] GC(9) Old regions: 16->16
[2022-12-11T01:05:12.512+0900][gc,heap       ] GC(9) Humongous regions: 129->129
[2022-12-11T01:05:12.512+0900][gc,metaspace  ] GC(9) Metaspace: 50921K->50921K(1095680K)
[2022-12-11T01:05:12.512+0900][gc            ] GC(9) Pause Young (Normal) (G1 Evacuation Pause) 194M->146M(1024M) 16.591ms
[2022-12-11T01:05:12.513+0900][gc,cpu        ] GC(9) User=0.02s Sys=0.00s Real=0.02s
[2022-12-11T17:20:11.178+0900][gc,start      ] GC(10) Pause Young (Normal) (G1 Evacuation Pause)
[2022-12-11T17:20:11.180+0900][gc,task       ] GC(10) Using 9 workers of 9 for evacuation
[2022-12-11T17:20:11.192+0900][gc,phases     ] GC(10)   Pre Evacuate Collection Set: 0.2ms
[2022-12-11T17:20:11.192+0900][gc,phases     ] GC(10)   Evacuate Collection Set: 11.1ms
[2022-12-11T17:20:11.192+0900][gc,phases     ] GC(10)   Post Evacuate Collection Set: 0.5ms
[2022-12-11T17:20:11.192+0900][gc,phases     ] GC(10)   Other: 2.5ms
[2022-12-11T17:20:11.192+0900][gc,heap       ] GC(10) Eden regions: 65->0(149)
[2022-12-11T17:20:11.192+0900][gc,heap       ] GC(10) Survivor regions: 3->3(9)
[2022-12-11T17:20:11.192+0900][gc,heap       ] GC(10) Old regions: 16->16
[2022-12-11T17:20:11.192+0900][gc,heap       ] GC(10) Humongous regions: 129->129
[2022-12-11T17:20:11.192+0900][gc,metaspace  ] GC(10) Metaspace: 50972K->50972K(1095680K)
[2022-12-11T17:20:11.192+0900][gc            ] GC(10) Pause Young (Normal) (G1 Evacuation Pause) 211M->146M(1024M) 14.353ms
[2022-12-11T17:20:11.192+0900][gc,cpu        ] GC(10) User=0.02s Sys=0.01s Real=0.02s
[2022-12-11T22:45:35.127+0900][gc,start      ] GC(11) Pause Young (Normal) (G1 Evacuation Pause)
[2022-12-11T22:45:35.129+0900][gc,task       ] GC(11) Using 9 workers of 9 for evacuation
[2022-12-11T22:45:35.146+0900][gc,phases     ] GC(11)   Pre Evacuate Collection Set: 0.2ms
[2022-12-11T22:45:35.146+0900][gc,phases     ] GC(11)   Evacuate Collection Set: 15.1ms
[2022-12-11T22:45:35.146+0900][gc,phases     ] GC(11)   Post Evacuate Collection Set: 1.2ms
[2022-12-11T22:45:35.146+0900][gc,phases     ] GC(11)   Other: 2.7ms
[2022-12-11T22:45:35.146+0900][gc,heap       ] GC(11) Eden regions: 149->0(515)
[2022-12-11T22:45:35.146+0900][gc,heap       ] GC(11) Survivor regions: 3->3(19)
[2022-12-11T22:45:35.146+0900][gc,heap       ] GC(11) Old regions: 16->16
[2022-12-11T22:45:35.146+0900][gc,heap       ] GC(11) Humongous regions: 129->129
[2022-12-11T22:45:35.146+0900][gc,metaspace  ] GC(11) Metaspace: 51132K->51132K(1095680K)
[2022-12-11T22:45:35.146+0900][gc            ] GC(11) Pause Young (Normal) (G1 Evacuation Pause) 295M->146M(1024M) 19.266ms
[2022-12-11T22:45:35.146+0900][gc,cpu        ] GC(11) User=0.03s Sys=0.00s Real=0.02s
[2022-12-12T08:08:29.787+0900][gc,start      ] GC(12) Pause Young (Normal) (G1 Evacuation Pause)
[2022-12-12T08:08:29.789+0900][gc,task       ] GC(12) Using 9 workers of 9 for evacuation
[2022-12-12T08:08:29.807+0900][gc,phases     ] GC(12)   Pre Evacuate Collection Set: 0.2ms
[2022-12-12T08:08:29.807+0900][gc,phases     ] GC(12)   Evacuate Collection Set: 16.4ms
[2022-12-12T08:08:29.807+0900][gc,phases     ] GC(12)   Post Evacuate Collection Set: 0.5ms
[2022-12-12T08:08:29.807+0900][gc,phases     ] GC(12)   Other: 2.8ms
[2022-12-12T08:08:29.807+0900][gc,heap       ] GC(12) Eden regions: 515->0(535)
[2022-12-12T08:08:29.807+0900][gc,heap       ] GC(12) Survivor regions: 3->5(65)
[2022-12-12T08:08:29.807+0900][gc,heap       ] GC(12) Old regions: 16->16
[2022-12-12T08:08:29.807+0900][gc,heap       ] GC(12) Humongous regions: 129->129
[2022-12-12T08:08:29.807+0900][gc,metaspace  ] GC(12) Metaspace: 51420K->51420K(1095680K)
[2022-12-12T08:08:29.807+0900][gc            ] GC(12) Pause Young (Normal) (G1 Evacuation Pause) 661M->148M(1024M) 19.955ms
[2022-12-12T08:08:29.807+0900][gc,cpu        ] GC(12) User=0.05s Sys=0.00s Real=0.02s
[2022-12-12T11:33:43.608+0900][gc,start      ] GC(13) Pause Young (Normal) (G1 Evacuation Pause)
[2022-12-12T11:33:43.608+0900][gc,task       ] GC(13) Using 9 workers of 9 for evacuation
[2022-12-12T11:33:43.623+0900][gc,phases     ] GC(13)   Pre Evacuate Collection Set: 0.3ms
[2022-12-12T11:33:43.623+0900][gc,phases     ] GC(13)   Evacuate Collection Set: 13.2ms
[2022-12-12T11:33:43.623+0900][gc,phases     ] GC(13)   Post Evacuate Collection Set: 0.8ms
[2022-12-12T11:33:43.623+0900][gc,phases     ] GC(13)   Other: 1.0ms
[2022-12-12T11:33:43.623+0900][gc,heap       ] GC(13) Eden regions: 535->0(609)
[2022-12-12T11:33:43.623+0900][gc,heap       ] GC(13) Survivor regions: 5->5(68)
[2022-12-12T11:33:43.623+0900][gc,heap       ] GC(13) Old regions: 16->16
[2022-12-12T11:33:43.623+0900][gc,heap       ] GC(13) Humongous regions: 129->129
[2022-12-12T11:33:43.623+0900][gc,metaspace  ] GC(13) Metaspace: 51642K->51642K(1095680K)
[2022-12-12T11:33:43.623+0900][gc            ] GC(13) Pause Young (Normal) (G1 Evacuation Pause) 683M->148M(1024M) 15.415ms
[2022-12-12T11:33:43.623+0900][gc,cpu        ] GC(13) User=0.03s Sys=0.01s Real=0.02s
[2022-12-12T12:47:55.684+0900][gc,start      ] GC(14) Pause Young (Normal) (G1 Evacuation Pause)
[2022-12-12T12:47:55.685+0900][gc,task       ] GC(14) Using 9 workers of 9 for evacuation
[2022-12-12T12:47:55.709+0900][gc,mmu        ] GC(14) MMU target violated: 21.0ms (20.0ms/21.0ms)
[2022-12-12T12:47:55.709+0900][gc,phases     ] GC(14)   Pre Evacuate Collection Set: 0.4ms
[2022-12-12T12:47:55.709+0900][gc,phases     ] GC(14)   Evacuate Collection Set: 21.3ms
[2022-12-12T12:47:55.709+0900][gc,phases     ] GC(14)   Post Evacuate Collection Set: 1.4ms
[2022-12-12T12:47:55.709+0900][gc,phases     ] GC(14)   Other: 2.6ms
[2022-12-12T12:47:55.709+0900][gc,heap       ] GC(14) Eden regions: 609->0(609)
[2022-12-12T12:47:55.709+0900][gc,heap       ] GC(14) Survivor regions: 5->5(77)
[2022-12-12T12:47:55.709+0900][gc,heap       ] GC(14) Old regions: 16->16
[2022-12-12T12:47:55.709+0900][gc,heap       ] GC(14) Humongous regions: 129->129
[2022-12-12T12:47:55.709+0900][gc,metaspace  ] GC(14) Metaspace: 51658K->51658K(1095680K)
[2022-12-12T12:47:55.709+0900][gc            ] GC(14) Pause Young (Normal) (G1 Evacuation Pause) 757M->148M(1024M) 25.584ms
[2022-12-12T12:47:55.709+0900][gc,cpu        ] GC(14) User=0.05s Sys=0.02s Real=0.02s
[2022-12-12T14:09:05.527+0900][gc,start      ] GC(15) Pause Young (Normal) (G1 Evacuation Pause)
[2022-12-12T14:09:05.528+0900][gc,task       ] GC(15) Using 9 workers of 9 for evacuation
[2022-12-12T14:09:05.566+0900][gc,mmu        ] GC(15) MMU target violated: 21.0ms (20.0ms/21.0ms)
[2022-12-12T14:09:05.566+0900][gc,phases     ] GC(15)   Pre Evacuate Collection Set: 0.1ms
[2022-12-12T14:09:05.566+0900][gc,phases     ] GC(15)   Evacuate Collection Set: 26.1ms
[2022-12-12T14:09:05.566+0900][gc,phases     ] GC(15)   Post Evacuate Collection Set: 11.4ms
[2022-12-12T14:09:05.566+0900][gc,phases     ] GC(15)   Other: 1.1ms
[2022-12-12T14:09:05.566+0900][gc,heap       ] GC(15) Eden regions: 609->0(337)
[2022-12-12T14:09:05.566+0900][gc,heap       ] GC(15) Survivor regions: 5->5(77)
[2022-12-12T14:09:05.566+0900][gc,heap       ] GC(15) Old regions: 16->16
[2022-12-12T14:09:05.566+0900][gc,heap       ] GC(15) Humongous regions: 129->129
[2022-12-12T14:09:05.566+0900][gc,metaspace  ] GC(15) Metaspace: 51691K->51691K(1095680K)
[2022-12-12T14:09:05.566+0900][gc            ] GC(15) Pause Young (Normal) (G1 Evacuation Pause) 757M->148M(1024M) 38.792ms
[2022-12-12T14:09:05.566+0900][gc,cpu        ] GC(15) User=0.02s Sys=0.01s Real=0.04s
[2022-12-12T14:51:11.661+0900][gc,start      ] GC(16) Pause Young (Normal) (G1 Evacuation Pause)
[2022-12-12T14:51:11.662+0900][gc,task       ] GC(16) Using 9 workers of 9 for evacuation
[2022-12-12T14:51:11.681+0900][gc,phases     ] GC(16)   Pre Evacuate Collection Set: 0.4ms
[2022-12-12T14:51:11.681+0900][gc,phases     ] GC(16)   Evacuate Collection Set: 16.5ms
[2022-12-12T14:51:11.681+0900][gc,phases     ] GC(16)   Post Evacuate Collection Set: 0.8ms
[2022-12-12T14:51:11.681+0900][gc,phases     ] GC(16)   Other: 2.1ms
[2022-12-12T14:51:11.681+0900][gc,heap       ] GC(16) Eden regions: 336->0(459)
[2022-12-12T14:51:11.681+0900][gc,heap       ] GC(16) Survivor regions: 5->5(43)
[2022-12-12T14:51:11.681+0900][gc,heap       ] GC(16) Old regions: 16->16
[2022-12-12T14:51:11.681+0900][gc,heap       ] GC(16) Humongous regions: 129->129
[2022-12-12T14:51:11.681+0900][gc,metaspace  ] GC(16) Metaspace: 51695K->51695K(1095680K)
[2022-12-12T14:51:11.681+0900][gc            ] GC(16) Pause Young (Normal) (G1 Evacuation Pause) 484M->148M(1024M) 19.949ms
[2022-12-12T14:51:11.681+0900][gc,cpu        ] GC(16) User=0.05s Sys=0.02s Real=0.02s
[2022-12-12T15:45:29.240+0900][gc,start      ] GC(17) Pause Young (Normal) (G1 Evacuation Pause)
[2022-12-12T15:45:29.241+0900][gc,task       ] GC(17) Using 9 workers of 9 for evacuation
[2022-12-12T15:45:29.263+0900][gc,mmu        ] GC(17) MMU target violated: 21.0ms (20.0ms/21.0ms)
[2022-12-12T15:45:29.263+0900][gc,phases     ] GC(17)   Pre Evacuate Collection Set: 0.2ms
[2022-12-12T15:45:29.263+0900][gc,phases     ] GC(17)   Evacuate Collection Set: 20.5ms
[2022-12-12T15:45:29.263+0900][gc,phases     ] GC(17)   Post Evacuate Collection Set: 0.6ms
[2022-12-12T15:45:29.263+0900][gc,phases     ] GC(17)   Other: 1.8ms
[2022-12-12T15:45:29.263+0900][gc,heap       ] GC(17) Eden regions: 459->0(389)
[2022-12-12T15:45:29.263+0900][gc,heap       ] GC(17) Survivor regions: 5->4(58)
[2022-12-12T15:45:29.263+0900][gc,heap       ] GC(17) Old regions: 16->16
[2022-12-12T15:45:29.263+0900][gc,heap       ] GC(17) Humongous regions: 129->129
[2022-12-12T15:45:29.263+0900][gc,metaspace  ] GC(17) Metaspace: 51699K->51699K(1095680K)
[2022-12-12T15:45:29.263+0900][gc            ] GC(17) Pause Young (Normal) (G1 Evacuation Pause) 607M->148M(1024M) 23.165ms
[2022-12-12T15:45:29.263+0900][gc,cpu        ] GC(17) User=0.02s Sys=0.01s Real=0.02s
[2022-12-12T16:31:30.611+0900][gc,start      ] GC(18) Pause Young (Normal) (G1 Evacuation Pause)
[2022-12-12T16:31:30.614+0900][gc,task       ] GC(18) Using 9 workers of 9 for evacuation
[2022-12-12T16:31:30.634+0900][gc,phases     ] GC(18)   Pre Evacuate Collection Set: 0.3ms
[2022-12-12T16:31:30.634+0900][gc,phases     ] GC(18)   Evacuate Collection Set: 18.3ms
[2022-12-12T16:31:30.634+0900][gc,phases     ] GC(18)   Post Evacuate Collection Set: 0.7ms
[2022-12-12T16:31:30.634+0900][gc,phases     ] GC(18)   Other: 3.9ms
[2022-12-12T16:31:30.634+0900][gc,heap       ] GC(18) Eden regions: 389->0(432)
[2022-12-12T16:31:30.634+0900][gc,heap       ] GC(18) Survivor regions: 4->5(50)
[2022-12-12T16:31:30.634+0900][gc,heap       ] GC(18) Old regions: 16->16
[2022-12-12T16:31:30.634+0900][gc,heap       ] GC(18) Humongous regions: 129->129
[2022-12-12T16:31:30.634+0900][gc,metaspace  ] GC(18) Metaspace: 51710K->51710K(1095680K)
[2022-12-12T16:31:30.634+0900][gc            ] GC(18) Pause Young (Normal) (G1 Evacuation Pause) 537M->148M(1024M) 23.222ms
[2022-12-12T16:31:30.635+0900][gc,cpu        ] GC(18) User=0.04s Sys=0.00s Real=0.02s
[2022-12-12T17:27:00.570+0900][gc,start      ] GC(19) Pause Young (Normal) (G1 Evacuation Pause)
[2022-12-12T17:27:00.571+0900][gc,task       ] GC(19) Using 9 workers of 9 for evacuation
[2022-12-12T17:27:00.594+0900][gc,mmu        ] GC(19) MMU target violated: 21.0ms (20.0ms/21.0ms)
[2022-12-12T17:27:00.594+0900][gc,phases     ] GC(19)   Pre Evacuate Collection Set: 0.5ms
[2022-12-12T17:27:00.594+0900][gc,phases     ] GC(19)   Evacuate Collection Set: 20.2ms
[2022-12-12T17:27:00.594+0900][gc,phases     ] GC(19)   Post Evacuate Collection Set: 0.9ms
[2022-12-12T17:27:00.594+0900][gc,phases     ] GC(19)   Other: 2.8ms
[2022-12-12T17:27:00.594+0900][gc,heap       ] GC(19) Eden regions: 432->0(459)
[2022-12-12T17:27:00.594+0900][gc,heap       ] GC(19) Survivor regions: 5->4(55)
[2022-12-12T17:27:00.594+0900][gc,heap       ] GC(19) Old regions: 16->16
[2022-12-12T17:27:00.594+0900][gc,heap       ] GC(19) Humongous regions: 129->129
[2022-12-12T17:27:00.594+0900][gc,metaspace  ] GC(19) Metaspace: 51718K->51718K(1095680K)
[2022-12-12T17:27:00.594+0900][gc            ] GC(19) Pause Young (Normal) (G1 Evacuation Pause) 580M->148M(1024M) 24.491ms
[2022-12-12T17:27:00.594+0900][gc,cpu        ] GC(19) User=0.05s Sys=0.02s Real=0.02s
[2022-12-12T18:14:22.421+0900][gc,start      ] GC(20) Pause Young (Normal) (G1 Evacuation Pause)
[2022-12-12T18:14:22.422+0900][gc,task       ] GC(20) Using 9 workers of 9 for evacuation
[2022-12-12T18:14:22.440+0900][gc,phases     ] GC(20)   Pre Evacuate Collection Set: 0.1ms
[2022-12-12T18:14:22.440+0900][gc,phases     ] GC(20)   Evacuate Collection Set: 16.4ms
[2022-12-12T18:14:22.440+0900][gc,phases     ] GC(20)   Post Evacuate Collection Set: 0.6ms
[2022-12-12T18:14:22.440+0900][gc,phases     ] GC(20)   Other: 1.6ms
[2022-12-12T18:14:22.440+0900][gc,heap       ] GC(20) Eden regions: 399->0(475)
[2022-12-12T18:14:22.440+0900][gc,heap       ] GC(20) Survivor regions: 4->5(51)
[2022-12-12T18:14:22.440+0900][gc,heap       ] GC(20) Old regions: 16->16
[2022-12-12T18:14:22.440+0900][gc,heap       ] GC(20) Humongous regions: 129->129
[2022-12-12T18:14:22.440+0900][gc,metaspace  ] GC(20) Metaspace: 51728K->51728K(1095680K)
[2022-12-12T18:14:22.440+0900][gc            ] GC(20) Pause Young (Normal) (G1 Evacuation Pause) 547M->148M(1024M) 18.827ms
[2022-12-12T18:14:22.440+0900][gc,cpu        ] GC(20) User=0.04s Sys=0.00s Real=0.02s
[2022-12-12T23:34:59.026+0900][gc,start      ] GC(21) Pause Young (Normal) (G1 Evacuation Pause)
[2022-12-12T23:34:59.028+0900][gc,task       ] GC(21) Using 9 workers of 9 for evacuation
[2022-12-12T23:34:59.049+0900][gc,mmu        ] GC(21) MMU target violated: 20.9ms (20.0ms/21.0ms)
[2022-12-12T23:34:59.049+0900][gc,phases     ] GC(21)   Pre Evacuate Collection Set: 0.7ms
[2022-12-12T23:34:59.049+0900][gc,phases     ] GC(21)   Evacuate Collection Set: 18.8ms
[2022-12-12T23:34:59.049+0900][gc,phases     ] GC(21)   Post Evacuate Collection Set: 0.9ms
[2022-12-12T23:34:59.049+0900][gc,phases     ] GC(21)   Other: 2.9ms
[2022-12-12T23:34:59.049+0900][gc,heap       ] GC(21) Eden regions: 475->0(485)
[2022-12-12T23:34:59.049+0900][gc,heap       ] GC(21) Survivor regions: 5->4(60)
[2022-12-12T23:34:59.049+0900][gc,heap       ] GC(21) Old regions: 16->16
[2022-12-12T23:34:59.049+0900][gc,heap       ] GC(21) Humongous regions: 129->129
[2022-12-12T23:34:59.049+0900][gc,metaspace  ] GC(21) Metaspace: 51755K->51755K(1095680K)
[2022-12-12T23:34:59.049+0900][gc            ] GC(21) Pause Young (Normal) (G1 Evacuation Pause) 623M->148M(1024M) 23.238ms
[2022-12-12T23:34:59.049+0900][gc,cpu        ] GC(21) User=0.05s Sys=0.02s Real=0.02s
[2022-12-13T11:25:57.848+0900][gc,start      ] GC(22) Pause Young (Normal) (G1 Evacuation Pause)
[2022-12-13T11:25:57.850+0900][gc,task       ] GC(22) Using 9 workers of 9 for evacuation
[2022-12-13T11:25:57.875+0900][gc,mmu        ] GC(22) MMU target violated: 21.0ms (20.0ms/21.0ms)
[2022-12-13T11:25:57.876+0900][gc,phases     ] GC(22)   Pre Evacuate Collection Set: 0.7ms
[2022-12-13T11:25:57.876+0900][gc,phases     ] GC(22)   Evacuate Collection Set: 23.7ms
[2022-12-13T11:25:57.876+0900][gc,phases     ] GC(22)   Post Evacuate Collection Set: 0.8ms
[2022-12-13T11:25:57.876+0900][gc,phases     ] GC(22)   Other: 2.5ms
[2022-12-13T11:25:57.876+0900][gc,heap       ] GC(22) Eden regions: 485->0(509)
[2022-12-13T11:25:57.876+0900][gc,heap       ] GC(22) Survivor regions: 4->5(62)
[2022-12-13T11:25:57.876+0900][gc,heap       ] GC(22) Old regions: 16->16
[2022-12-13T11:25:57.876+0900][gc,heap       ] GC(22) Humongous regions: 129->129
[2022-12-13T11:25:57.876+0900][gc,metaspace  ] GC(22) Metaspace: 51762K->51762K(1095680K)
[2022-12-13T11:25:57.876+0900][gc            ] GC(22) Pause Young (Normal) (G1 Evacuation Pause) 633M->149M(1024M) 27.690ms
[2022-12-13T11:25:57.876+0900][gc,cpu        ] GC(22) User=0.03s Sys=0.02s Real=0.03s
[2022-12-13T13:25:18.428+0900][gc,start      ] GC(23) Pause Young (Normal) (G1 Evacuation Pause)
[2022-12-13T13:25:18.431+0900][gc,task       ] GC(23) Using 9 workers of 9 for evacuation
[2022-12-13T13:25:18.450+0900][gc,phases     ] GC(23)   Pre Evacuate Collection Set: 0.5ms
[2022-12-13T13:25:18.450+0900][gc,phases     ] GC(23)   Evacuate Collection Set: 15.9ms
[2022-12-13T13:25:18.450+0900][gc,phases     ] GC(23)   Post Evacuate Collection Set: 1.2ms
[2022-12-13T13:25:18.450+0900][gc,phases     ] GC(23)   Other: 4.1ms
[2022-12-13T13:25:18.450+0900][gc,heap       ] GC(23) Eden regions: 509->0(534)
[2022-12-13T13:25:18.450+0900][gc,heap       ] GC(23) Survivor regions: 5->4(65)
[2022-12-13T13:25:18.450+0900][gc,heap       ] GC(23) Old regions: 16->16
[2022-12-13T13:25:18.450+0900][gc,heap       ] GC(23) Humongous regions: 129->129
[2022-12-13T13:25:18.450+0900][gc,metaspace  ] GC(23) Metaspace: 51764K->51764K(1095680K)
[2022-12-13T13:25:18.450+0900][gc            ] GC(23) Pause Young (Normal) (G1 Evacuation Pause) 658M->147M(1024M) 21.672ms
[2022-12-13T13:25:18.450+0900][gc,cpu        ] GC(23) User=0.03s Sys=0.02s Real=0.03s
[2022-12-13T14:39:23.420+0900][gc,start      ] GC(24) Pause Young (Normal) (G1 Evacuation Pause)
[2022-12-13T14:39:23.421+0900][gc,task       ] GC(24) Using 9 workers of 9 for evacuation
[2022-12-13T14:39:23.442+0900][gc,mmu        ] GC(24) MMU target violated: 20.3ms (20.0ms/21.0ms)
[2022-12-13T14:39:23.442+0900][gc,phases     ] GC(24)   Pre Evacuate Collection Set: 0.4ms
[2022-12-13T14:39:23.442+0900][gc,phases     ] GC(24)   Evacuate Collection Set: 18.4ms
[2022-12-13T14:39:23.442+0900][gc,phases     ] GC(24)   Post Evacuate Collection Set: 0.8ms
[2022-12-13T14:39:23.442+0900][gc,phases     ] GC(24)   Other: 2.3ms
[2022-12-13T14:39:23.442+0900][gc,heap       ] GC(24) Eden regions: 534->0(579)
[2022-12-13T14:39:23.442+0900][gc,heap       ] GC(24) Survivor regions: 4->4(68)
[2022-12-13T14:39:23.442+0900][gc,heap       ] GC(24) Old regions: 16->16
[2022-12-13T14:39:23.442+0900][gc,heap       ] GC(24) Humongous regions: 129->129
[2022-12-13T14:39:23.442+0900][gc,metaspace  ] GC(24) Metaspace: 51768K->51768K(1095680K)
[2022-12-13T14:39:23.442+0900][gc            ] GC(24) Pause Young (Normal) (G1 Evacuation Pause) 681M->148M(1024M) 21.911ms
[2022-12-13T14:39:23.442+0900][gc,cpu        ] GC(24) User=0.05s Sys=0.02s Real=0.02s
[2022-12-13T15:54:06.577+0900][gc,start      ] GC(25) Pause Young (Normal) (G1 Evacuation Pause)
[2022-12-13T15:54:06.579+0900][gc,task       ] GC(25) Using 9 workers of 9 for evacuation
[2022-12-13T15:54:06.596+0900][gc,phases     ] GC(25)   Pre Evacuate Collection Set: 0.4ms
[2022-12-13T15:54:06.596+0900][gc,phases     ] GC(25)   Evacuate Collection Set: 15.8ms
[2022-12-13T15:54:06.596+0900][gc,phases     ] GC(25)   Post Evacuate Collection Set: 0.6ms
[2022-12-13T15:54:06.596+0900][gc,phases     ] GC(25)   Other: 2.4ms
[2022-12-13T15:54:06.596+0900][gc,heap       ] GC(25) Eden regions: 579->0(593)
[2022-12-13T15:54:06.596+0900][gc,heap       ] GC(25) Survivor regions: 4->4(73)
[2022-12-13T15:54:06.596+0900][gc,heap       ] GC(25) Old regions: 16->16
[2022-12-13T15:54:06.596+0900][gc,heap       ] GC(25) Humongous regions: 129->129
[2022-12-13T15:54:06.596+0900][gc,metaspace  ] GC(25) Metaspace: 51803K->51803K(1095680K)
[2022-12-13T15:54:06.596+0900][gc            ] GC(25) Pause Young (Normal) (G1 Evacuation Pause) 727M->148M(1024M) 19.296ms
[2022-12-13T15:54:06.596+0900][gc,cpu        ] GC(25) User=0.02s Sys=0.01s Real=0.02s
[2022-12-13T23:34:16.920+0900][gc,start      ] GC(26) Pause Young (Normal) (G1 Evacuation Pause)
[2022-12-13T23:34:16.921+0900][gc,task       ] GC(26) Using 9 workers of 9 for evacuation
[2022-12-13T23:34:16.946+0900][gc,mmu        ] GC(26) MMU target violated: 21.0ms (20.0ms/21.0ms)
[2022-12-13T23:34:16.946+0900][gc,phases     ] GC(26)   Pre Evacuate Collection Set: 0.5ms
[2022-12-13T23:34:16.946+0900][gc,phases     ] GC(26)   Evacuate Collection Set: 22.6ms
[2022-12-13T23:34:16.946+0900][gc,phases     ] GC(26)   Post Evacuate Collection Set: 0.8ms
[2022-12-13T23:34:16.946+0900][gc,phases     ] GC(26)   Other: 2.1ms
[2022-12-13T23:34:16.946+0900][gc,heap       ] GC(26) Eden regions: 593->0(590)
[2022-12-13T23:34:16.946+0900][gc,heap       ] GC(26) Survivor regions: 4->5(75)
[2022-12-13T23:34:16.946+0900][gc,heap       ] GC(26) Old regions: 16->17
[2022-12-13T23:34:16.946+0900][gc,heap       ] GC(26) Humongous regions: 129->129
[2022-12-13T23:34:16.946+0900][gc,metaspace  ] GC(26) Metaspace: 51804K->51804K(1095680K)
[2022-12-13T23:34:16.946+0900][gc            ] GC(26) Pause Young (Normal) (G1 Evacuation Pause) 741M->149M(1024M) 25.946ms
[2022-12-13T23:34:16.946+0900][gc,cpu        ] GC(26) User=0.04s Sys=0.02s Real=0.02s
[2022-12-14T10:27:39.945+0900][gc,start      ] GC(27) Pause Young (Normal) (G1 Evacuation Pause)
[2022-12-14T10:27:39.947+0900][gc,task       ] GC(27) Using 9 workers of 9 for evacuation
[2022-12-14T10:27:39.966+0900][gc,phases     ] GC(27)   Pre Evacuate Collection Set: 0.2ms
[2022-12-14T10:27:39.966+0900][gc,phases     ] GC(27)   Evacuate Collection Set: 17.9ms
[2022-12-14T10:27:39.966+0900][gc,phases     ] GC(27)   Post Evacuate Collection Set: 0.7ms
[2022-12-14T10:27:39.966+0900][gc,phases     ] GC(27)   Other: 2.3ms
[2022-12-14T10:27:39.966+0900][gc,heap       ] GC(27) Eden regions: 590->0(611)
[2022-12-14T10:27:39.966+0900][gc,heap       ] GC(27) Survivor regions: 5->3(75)
[2022-12-14T10:27:39.966+0900][gc,heap       ] GC(27) Old regions: 17->17
[2022-12-14T10:27:39.966+0900][gc,heap       ] GC(27) Humongous regions: 129->129
[2022-12-14T10:27:39.966+0900][gc,metaspace  ] GC(27) Metaspace: 51806K->51806K(1095680K)
[2022-12-14T10:27:39.966+0900][gc            ] GC(27) Pause Young (Normal) (G1 Evacuation Pause) 739M->147M(1024M) 21.120ms
[2022-12-14T10:27:39.966+0900][gc,cpu        ] GC(27) User=0.02s Sys=0.00s Real=0.02s
[2022-12-14T12:24:36.160+0900][gc,start      ] GC(28) Pause Young (Normal) (G1 Evacuation Pause)
[2022-12-14T12:24:36.162+0900][gc,task       ] GC(28) Using 9 workers of 9 for evacuation
[2022-12-14T12:24:36.179+0900][gc,phases     ] GC(28)   Pre Evacuate Collection Set: 0.4ms
[2022-12-14T12:24:36.180+0900][gc,phases     ] GC(28)   Evacuate Collection Set: 15.1ms
[2022-12-14T12:24:36.180+0900][gc,phases     ] GC(28)   Post Evacuate Collection Set: 1.2ms
[2022-12-14T12:24:36.180+0900][gc,phases     ] GC(28)   Other: 2.8ms
[2022-12-14T12:24:36.180+0900][gc,heap       ] GC(28) Eden regions: 611->0(611)
[2022-12-14T12:24:36.180+0900][gc,heap       ] GC(28) Survivor regions: 3->3(77)
[2022-12-14T12:24:36.180+0900][gc,heap       ] GC(28) Old regions: 17->17
[2022-12-14T12:24:36.180+0900][gc,heap       ] GC(28) Humongous regions: 129->129
[2022-12-14T12:24:36.180+0900][gc,metaspace  ] GC(28) Metaspace: 51838K->51838K(1095680K)
[2022-12-14T12:24:36.180+0900][gc            ] GC(28) Pause Young (Normal) (G1 Evacuation Pause) 758M->147M(1024M) 19.456ms
[2022-12-14T12:24:36.180+0900][gc,cpu        ] GC(28) User=0.03s Sys=0.01s Real=0.02s
[2022-12-14T13:43:04.682+0900][gc,start      ] GC(29) Pause Young (Normal) (G1 Evacuation Pause)
[2022-12-14T13:43:04.683+0900][gc,task       ] GC(29) Using 9 workers of 9 for evacuation
[2022-12-14T13:43:04.698+0900][gc,phases     ] GC(29)   Pre Evacuate Collection Set: 0.5ms
[2022-12-14T13:43:04.698+0900][gc,phases     ] GC(29)   Evacuate Collection Set: 12.4ms
[2022-12-14T13:43:04.698+0900][gc,phases     ] GC(29)   Post Evacuate Collection Set: 1.0ms
[2022-12-14T13:43:04.698+0900][gc,phases     ] GC(29)   Other: 2.4ms
[2022-12-14T13:43:04.698+0900][gc,heap       ] GC(29) Eden regions: 611->0(611)
[2022-12-14T13:43:04.698+0900][gc,heap       ] GC(29) Survivor regions: 3->3(77)
[2022-12-14T13:43:04.698+0900][gc,heap       ] GC(29) Old regions: 17->17
[2022-12-14T13:43:04.698+0900][gc,heap       ] GC(29) Humongous regions: 129->129
[2022-12-14T13:43:04.698+0900][gc,metaspace  ] GC(29) Metaspace: 51851K->51851K(1095680K)
[2022-12-14T13:43:04.698+0900][gc            ] GC(29) Pause Young (Normal) (G1 Evacuation Pause) 758M->148M(1024M) 16.445ms
[2022-12-14T13:43:04.698+0900][gc,cpu        ] GC(29) User=0.03s Sys=0.02s Real=0.01s
[2022-12-14T15:59:57.710+0900][gc,start      ] GC(30) Pause Young (Normal) (G1 Evacuation Pause)
[2022-12-14T15:59:57.711+0900][gc,task       ] GC(30) Using 9 workers of 9 for evacuation
[2022-12-14T15:59:57.728+0900][gc,phases     ] GC(30)   Pre Evacuate Collection Set: 0.3ms
[2022-12-14T15:59:57.728+0900][gc,phases     ] GC(30)   Evacuate Collection Set: 16.1ms
[2022-12-14T15:59:57.728+0900][gc,phases     ] GC(30)   Post Evacuate Collection Set: 1.0ms
[2022-12-14T15:59:57.729+0900][gc,phases     ] GC(30)   Other: 1.5ms
[2022-12-14T15:59:57.729+0900][gc,heap       ] GC(30) Eden regions: 611->0(611)
[2022-12-14T15:59:57.729+0900][gc,heap       ] GC(30) Survivor regions: 3->3(77)
[2022-12-14T15:59:57.729+0900][gc,heap       ] GC(30) Old regions: 17->17
[2022-12-14T15:59:57.729+0900][gc,heap       ] GC(30) Humongous regions: 129->129
[2022-12-14T15:59:57.729+0900][gc,metaspace  ] GC(30) Metaspace: 51856K->51856K(1095680K)
[2022-12-14T15:59:57.729+0900][gc            ] GC(30) Pause Young (Normal) (G1 Evacuation Pause) 759M->148M(1024M) 19.003ms
[2022-12-14T15:59:57.729+0900][gc,cpu        ] GC(30) User=0.02s Sys=0.01s Real=0.01s
[2022-12-14T17:52:11.845+0900][gc,start      ] GC(31) Pause Young (Normal) (G1 Evacuation Pause)
[2022-12-14T17:52:11.846+0900][gc,task       ] GC(31) Using 9 workers of 9 for evacuation
[2022-12-14T17:52:11.858+0900][gc,phases     ] GC(31)   Pre Evacuate Collection Set: 0.3ms
[2022-12-14T17:52:11.858+0900][gc,phases     ] GC(31)   Evacuate Collection Set: 10.8ms
[2022-12-14T17:52:11.859+0900][gc,phases     ] GC(31)   Post Evacuate Collection Set: 0.6ms
[2022-12-14T17:52:11.859+0900][gc,phases     ] GC(31)   Other: 1.9ms
[2022-12-14T17:52:11.859+0900][gc,heap       ] GC(31) Eden regions: 611->0(611)
[2022-12-14T17:52:11.859+0900][gc,heap       ] GC(31) Survivor regions: 3->3(77)
[2022-12-14T17:52:11.859+0900][gc,heap       ] GC(31) Old regions: 17->17
[2022-12-14T17:52:11.859+0900][gc,heap       ] GC(31) Humongous regions: 129->129
[2022-12-14T17:52:11.859+0900][gc,metaspace  ] GC(31) Metaspace: 51870K->51870K(1095680K)
[2022-12-14T17:52:11.859+0900][gc            ] GC(31) Pause Young (Normal) (G1 Evacuation Pause) 759M->148M(1024M) 13.595ms
[2022-12-14T17:52:11.859+0900][gc,cpu        ] GC(31) User=0.02s Sys=0.01s Real=0.01s
[2022-12-14T20:51:51.213+0900][gc,start      ] GC(32) Pause Young (Normal) (G1 Evacuation Pause)
[2022-12-14T20:51:51.213+0900][gc,task       ] GC(32) Using 9 workers of 9 for evacuation
[2022-12-14T20:51:51.226+0900][gc,phases     ] GC(32)   Pre Evacuate Collection Set: 0.2ms
[2022-12-14T20:51:51.226+0900][gc,phases     ] GC(32)   Evacuate Collection Set: 10.9ms
[2022-12-14T20:51:51.226+0900][gc,phases     ] GC(32)   Post Evacuate Collection Set: 1.1ms
[2022-12-14T20:51:51.226+0900][gc,phases     ] GC(32)   Other: 0.8ms
[2022-12-14T20:51:51.226+0900][gc,heap       ] GC(32) Eden regions: 611->0(611)
[2022-12-14T20:51:51.226+0900][gc,heap       ] GC(32) Survivor regions: 3->3(77)
[2022-12-14T20:51:51.226+0900][gc,heap       ] GC(32) Old regions: 17->17
[2022-12-14T20:51:51.226+0900][gc,heap       ] GC(32) Humongous regions: 129->129
[2022-12-14T20:51:51.226+0900][gc,metaspace  ] GC(32) Metaspace: 51870K->51870K(1095680K)
[2022-12-14T20:51:51.226+0900][gc            ] GC(32) Pause Young (Normal) (G1 Evacuation Pause) 759M->148M(1024M) 13.361ms
[2022-12-14T20:51:51.226+0900][gc,cpu        ] GC(32) User=0.02s Sys=0.01s Real=0.01s
[2022-12-14T22:49:46.654+0900][gc,start      ] GC(33) Pause Young (Normal) (G1 Evacuation Pause)
[2022-12-14T22:49:46.656+0900][gc,task       ] GC(33) Using 9 workers of 9 for evacuation
[2022-12-14T22:49:46.672+0900][gc,phases     ] GC(33)   Pre Evacuate Collection Set: 0.4ms
[2022-12-14T22:49:46.673+0900][gc,phases     ] GC(33)   Evacuate Collection Set: 14.4ms
[2022-12-14T22:49:46.673+0900][gc,phases     ] GC(33)   Post Evacuate Collection Set: 1.2ms
[2022-12-14T22:49:46.673+0900][gc,phases     ] GC(33)   Other: 2.7ms
[2022-12-14T22:49:46.673+0900][gc,heap       ] GC(33) Eden regions: 611->0(610)
[2022-12-14T22:49:46.673+0900][gc,heap       ] GC(33) Survivor regions: 3->4(77)
[2022-12-14T22:49:46.673+0900][gc,heap       ] GC(33) Old regions: 17->17
[2022-12-14T22:49:46.673+0900][gc,heap       ] GC(33) Humongous regions: 129->129
[2022-12-14T22:49:46.673+0900][gc,metaspace  ] GC(33) Metaspace: 51872K->51872K(1095680K)
[2022-12-14T22:49:46.673+0900][gc            ] GC(33) Pause Young (Normal) (G1 Evacuation Pause) 759M->148M(1024M) 18.881ms
[2022-12-14T22:49:46.673+0900][gc,cpu        ] GC(33) User=0.04s Sys=0.01s Real=0.02s
