[2022-12-25T22:28:21.586+0900][gc,heap] Heap region size: 1M
[2022-12-25T22:28:21.588+0900][gc     ] Using G1
[2022-12-25T22:28:21.588+0900][gc,heap,coops] Heap address: 0x0000000780000000, size: 1024 MB, Compressed Oops mode: Zero based, Oop shift amount: 3
[2022-12-25T22:28:22.224+0900][gc,start     ] GC(0) Pause Young (Concurrent Start) (Metadata GC Threshold)
[2022-12-25T22:28:22.225+0900][gc,task      ] GC(0) Using 9 workers of 9 for evacuation
[2022-12-25T22:28:22.228+0900][gc,phases    ] GC(0)   Pre Evacuate Collection Set: 0.0ms
[2022-12-25T22:28:22.228+0900][gc,phases    ] GC(0)   Evacuate Collection Set: 3.4ms
[2022-12-25T22:28:22.228+0900][gc,phases    ] GC(0)   Post Evacuate Collection Set: 0.2ms
[2022-12-25T22:28:22.228+0900][gc,phases    ] GC(0)   Other: 0.4ms
[2022-12-25T22:28:22.228+0900][gc,heap      ] GC(0) Eden regions: 45->0(44)
[2022-12-25T22:28:22.228+0900][gc,heap      ] GC(0) Survivor regions: 0->7(7)
[2022-12-25T22:28:22.228+0900][gc,heap      ] GC(0) Old regions: 0->0
[2022-12-25T22:28:22.228+0900][gc,heap      ] GC(0) Humongous regions: 0->0
[2022-12-25T22:28:22.228+0900][gc,metaspace ] GC(0) Metaspace: 20746K->20746K(1069056K)
[2022-12-25T22:28:22.228+0900][gc           ] GC(0) Pause Young (Concurrent Start) (Metadata GC Threshold) 44M->6M(1024M) 4.070ms
[2022-12-25T22:28:22.228+0900][gc,cpu       ] GC(0) User=0.01s Sys=0.00s Real=0.00s
[2022-12-25T22:28:22.228+0900][gc           ] GC(1) Concurrent Cycle
[2022-12-25T22:28:22.228+0900][gc,marking   ] GC(1) Concurrent Clear Claimed Marks
[2022-12-25T22:28:22.228+0900][gc,marking   ] GC(1) Concurrent Clear Claimed Marks 0.014ms
[2022-12-25T22:28:22.228+0900][gc,marking   ] GC(1) Concurrent Scan Root Regions
[2022-12-25T22:28:22.229+0900][gc,marking   ] GC(1) Concurrent Scan Root Regions 0.866ms
[2022-12-25T22:28:22.229+0900][gc,marking   ] GC(1) Concurrent Mark (0.646s)
[2022-12-25T22:28:22.229+0900][gc,marking   ] GC(1) Concurrent Mark From Roots
[2022-12-25T22:28:22.229+0900][gc,task      ] GC(1) Using 2 workers of 2 for marking
[2022-12-25T22:28:22.229+0900][gc,marking   ] GC(1) Concurrent Mark From Roots 0.087ms
[2022-12-25T22:28:22.229+0900][gc,marking   ] GC(1) Concurrent Preclean
[2022-12-25T22:28:22.229+0900][gc,marking   ] GC(1) Concurrent Preclean 0.016ms
[2022-12-25T22:28:22.229+0900][gc,marking   ] GC(1) Concurrent Mark (0.646s, 0.646s) 0.132ms
[2022-12-25T22:28:22.229+0900][gc,start     ] GC(1) Pause Remark
[2022-12-25T22:28:22.230+0900][gc,stringtable] GC(1) Cleaned string and symbol table, strings: 7023 processed, 0 removed, symbols: 64811 processed, 40 removed
[2022-12-25T22:28:22.230+0900][gc            ] GC(1) Pause Remark 7M->7M(1024M) 0.978ms
[2022-12-25T22:28:22.230+0900][gc,cpu        ] GC(1) User=0.00s Sys=0.00s Real=0.01s
[2022-12-25T22:28:22.230+0900][gc,marking    ] GC(1) Concurrent Rebuild Remembered Sets
[2022-12-25T22:28:22.231+0900][gc,marking    ] GC(1) Concurrent Rebuild Remembered Sets 0.022ms
[2022-12-25T22:28:22.231+0900][gc,start      ] GC(1) Pause Cleanup
[2022-12-25T22:28:22.231+0900][gc            ] GC(1) Pause Cleanup 7M->7M(1024M) 0.066ms
[2022-12-25T22:28:22.231+0900][gc,cpu        ] GC(1) User=0.00s Sys=0.00s Real=0.00s
[2022-12-25T22:28:22.231+0900][gc,marking    ] GC(1) Concurrent Cleanup for Next Mark
[2022-12-25T22:28:22.232+0900][gc,marking    ] GC(1) Concurrent Cleanup for Next Mark 1.279ms
[2022-12-25T22:28:22.232+0900][gc            ] GC(1) Concurrent Cycle 3.606ms
[2022-12-25T22:28:23.059+0900][gc,start      ] GC(2) Pause Young (Normal) (G1 Evacuation Pause)
[2022-12-25T22:28:23.059+0900][gc,task       ] GC(2) Using 9 workers of 9 for evacuation
[2022-12-25T22:28:23.067+0900][gc,phases     ] GC(2)   Pre Evacuate Collection Set: 0.0ms
[2022-12-25T22:28:23.067+0900][gc,phases     ] GC(2)   Evacuate Collection Set: 7.3ms
[2022-12-25T22:28:23.067+0900][gc,phases     ] GC(2)   Post Evacuate Collection Set: 0.3ms
[2022-12-25T22:28:23.067+0900][gc,phases     ] GC(2)   Other: 0.1ms
[2022-12-25T22:28:23.067+0900][gc,heap       ] GC(2) Eden regions: 44->0(48)
[2022-12-25T22:28:23.067+0900][gc,heap       ] GC(2) Survivor regions: 7->3(7)
[2022-12-25T22:28:23.067+0900][gc,heap       ] GC(2) Old regions: 0->7
[2022-12-25T22:28:23.067+0900][gc,heap       ] GC(2) Humongous regions: 129->129
[2022-12-25T22:28:23.067+0900][gc,metaspace  ] GC(2) Metaspace: 30426K->30426K(1077248K)
[2022-12-25T22:28:23.067+0900][gc            ] GC(2) Pause Young (Normal) (G1 Evacuation Pause) 179M->138M(1024M) 7.759ms
[2022-12-25T22:28:23.067+0900][gc,cpu        ] GC(2) User=0.02s Sys=0.00s Real=0.01s
[2022-12-25T22:28:23.226+0900][gc,start      ] GC(3) Pause Young (Concurrent Start) (Metadata GC Threshold)
[2022-12-25T22:28:23.226+0900][gc,task       ] GC(3) Using 9 workers of 9 for evacuation
[2022-12-25T22:28:23.228+0900][gc,phases     ] GC(3)   Pre Evacuate Collection Set: 0.0ms
[2022-12-25T22:28:23.228+0900][gc,phases     ] GC(3)   Evacuate Collection Set: 1.3ms
[2022-12-25T22:28:23.228+0900][gc,phases     ] GC(3)   Post Evacuate Collection Set: 0.1ms
[2022-12-25T22:28:23.228+0900][gc,phases     ] GC(3)   Other: 0.1ms
[2022-12-25T22:28:23.228+0900][gc,heap       ] GC(3) Eden regions: 26->0(46)
[2022-12-25T22:28:23.228+0900][gc,heap       ] GC(3) Survivor regions: 3->5(7)
[2022-12-25T22:28:23.228+0900][gc,heap       ] GC(3) Old regions: 7->7
[2022-12-25T22:28:23.228+0900][gc,heap       ] GC(3) Humongous regions: 129->129
[2022-12-25T22:28:23.228+0900][gc,metaspace  ] GC(3) Metaspace: 34779K->34779K(1081344K)
[2022-12-25T22:28:23.228+0900][gc            ] GC(3) Pause Young (Concurrent Start) (Metadata GC Threshold) 164M->139M(1024M) 1.680ms
[2022-12-25T22:28:23.228+0900][gc,cpu        ] GC(3) User=0.01s Sys=0.00s Real=0.00s
[2022-12-25T22:28:23.228+0900][gc            ] GC(4) Concurrent Cycle
[2022-12-25T22:28:23.228+0900][gc,marking    ] GC(4) Concurrent Clear Claimed Marks
[2022-12-25T22:28:23.228+0900][gc,marking    ] GC(4) Concurrent Clear Claimed Marks 0.021ms
[2022-12-25T22:28:23.228+0900][gc,marking    ] GC(4) Concurrent Scan Root Regions
[2022-12-25T22:28:23.229+0900][gc,marking    ] GC(4) Concurrent Scan Root Regions 0.962ms
[2022-12-25T22:28:23.229+0900][gc,marking    ] GC(4) Concurrent Mark (1.646s)
[2022-12-25T22:28:23.229+0900][gc,marking    ] GC(4) Concurrent Mark From Roots
[2022-12-25T22:28:23.229+0900][gc,task       ] GC(4) Using 2 workers of 2 for marking
[2022-12-25T22:28:23.233+0900][gc,marking    ] GC(4) Concurrent Mark From Roots 4.367ms
[2022-12-25T22:28:23.233+0900][gc,marking    ] GC(4) Concurrent Preclean
[2022-12-25T22:28:23.234+0900][gc,marking    ] GC(4) Concurrent Preclean 0.044ms
[2022-12-25T22:28:23.234+0900][gc,marking    ] GC(4) Concurrent Mark (1.646s, 1.650s) 4.446ms
[2022-12-25T22:28:23.234+0900][gc,start      ] GC(4) Pause Remark
[2022-12-25T22:28:23.234+0900][gc,stringtable] GC(4) Cleaned string and symbol table, strings: 11622 processed, 8 removed, symbols: 97642 processed, 27 removed
[2022-12-25T22:28:23.235+0900][gc            ] GC(4) Pause Remark 140M->140M(1024M) 0.907ms
[2022-12-25T22:28:23.235+0900][gc,cpu        ] GC(4) User=0.01s Sys=0.00s Real=0.00s
[2022-12-25T22:28:23.235+0900][gc,marking    ] GC(4) Concurrent Rebuild Remembered Sets
[2022-12-25T22:28:23.237+0900][gc,marking    ] GC(4) Concurrent Rebuild Remembered Sets 1.948ms
[2022-12-25T22:28:23.237+0900][gc,start      ] GC(4) Pause Cleanup
[2022-12-25T22:28:23.237+0900][gc            ] GC(4) Pause Cleanup 141M->141M(1024M) 0.102ms
[2022-12-25T22:28:23.237+0900][gc,cpu        ] GC(4) User=0.00s Sys=0.00s Real=0.00s
[2022-12-25T22:28:23.237+0900][gc,marking    ] GC(4) Concurrent Cleanup for Next Mark
[2022-12-25T22:28:23.238+0900][gc,marking    ] GC(4) Concurrent Cleanup for Next Mark 1.546ms
[2022-12-25T22:28:23.238+0900][gc            ] GC(4) Concurrent Cycle 10.306ms
[2022-12-25T22:53:35.561+0900][gc,start      ] GC(5) Pause Young (Normal) (G1 Evacuation Pause)
[2022-12-25T22:53:35.561+0900][gc,task       ] GC(5) Using 9 workers of 9 for evacuation
[2022-12-25T22:53:35.578+0900][gc,phases     ] GC(5)   Pre Evacuate Collection Set: 0.6ms
[2022-12-25T22:53:35.578+0900][gc,phases     ] GC(5)   Evacuate Collection Set: 15.6ms
[2022-12-25T22:53:35.578+0900][gc,phases     ] GC(5)   Post Evacuate Collection Set: 0.5ms
[2022-12-25T22:53:35.578+0900][gc,phases     ] GC(5)   Other: 1.0ms
[2022-12-25T22:53:35.578+0900][gc,heap       ] GC(5) Eden regions: 46->0(46)
[2022-12-25T22:53:35.578+0900][gc,heap       ] GC(5) Survivor regions: 5->5(7)
[2022-12-25T22:53:35.578+0900][gc,heap       ] GC(5) Old regions: 7->9
[2022-12-25T22:53:35.578+0900][gc,heap       ] GC(5) Humongous regions: 129->129
[2022-12-25T22:53:35.578+0900][gc,metaspace  ] GC(5) Metaspace: 42613K->42613K(1087488K)
[2022-12-25T22:53:35.578+0900][gc            ] GC(5) Pause Young (Normal) (G1 Evacuation Pause) 185M->142M(1024M) 17.707ms
[2022-12-25T22:53:35.578+0900][gc,cpu        ] GC(5) User=0.03s Sys=0.01s Real=0.01s
